// Jest Snapshot v1, https://goo.gl/fbAQLP

exports[`Home Component renders homepage unchanged 1`] = `
<div>
  <div
    class="bg-zinc-900"
  >
    <main
      class="flex min-h-screen flex-col items-center justify-start p-12"
    >
      <img
        alt="Digital Alchemyst Studios"
        height="350"
        src="/Banner.png"
        width="1200"
      />
      <img
        alt="Alchemy Labs"
        height="350"
        src="/labs.png"
        width="1200"
      />
      <h4
        class="mt-8 w-4/5 text-center text-lg font-bold text-stone-300"
      >
        Welcome to Next.js 13.5 Alchemy Boilerplate Base with: TypeScript 5.2 + Tailwind CSS 3.3 + ESLint 8.5 + Prettier 3.0 + Jest 29.7 + React Testing Library 14.0 + Husky 7.0 + Lint-Staged 14.0
        <br />
        <br />
        Boilerplate by Digitl Alchemyst @ Digital Alchemyst Studios / Alchemy Labs
      </h4>
      <a
        href="https://github.com/Digitl-Alchemyst/next-13.5-alchemy-base"
      >
        <button
          class="my-5 cursor-pointer rounded-lg border border-zinc-700 bg-zinc-300 p-3 neon-amber"
        >
          Visit the Github
        </button>
      </a>
    </main>
  </div>
</div>
`;
